ERDOS20_AXIOM_AUDIT {"axioms":["Classical.choice","Quot.sound","propext"],"root":"Erdos20V13Boundary.direct_two_census_profiles","status":"pass"}
ERDOS20_AXIOM_AUDIT {"axioms":["Classical.choice","Quot.sound","propext"],"root":"Erdos20V13Boundary.direct_census_without_positive_witness","status":"pass"}
ERDOS20_AXIOM_AUDIT {"axioms":["Classical.choice","Quot.sound","propext"],"root":"Erdos20V13Boundary.conditional_eighty_one_two_profiles_direct","status":"pass"}
ERDOS20_AXIOM_AUDIT {"axioms":["Classical.choice","Quot.sound","propext"],"root":"Erdos20V13Boundary.unrestricted_eighty_of_three_open_inputs","status":"pass"}
ERDOS20_AXIOM_AUDIT {"axioms":["Classical.choice","Quot.sound","propext"],"root":"Erdos20V13Boundary.overlap_four_rows","status":"pass"}
ERDOS20_AXIOM_AUDIT {"axioms":["Classical.choice","Quot.sound","propext"],"root":"Erdos20V13Boundary.residual_degree_rows","status":"pass"}
ERDOS20_AXIOM_AUDIT {"axioms":["Classical.choice","Quot.sound","propext"],"root":"Erdos20V13Boundary.two_twelve_subsets_four_rows","status":"pass"}
ERDOS20_AXIOM_AUDIT {"axioms":["Classical.choice","Quot.sound","propext"],"root":"Erdos20V13Boundary.high_link_support_subset_low","status":"pass"}
ERDOS20_AXIOM_AUDIT {"axioms":["Classical.choice","Quot.sound","propext"],"root":"Erdos20V13Boundary.profile_b_actual_overlap_four_rows","status":"pass"}
ERDOS20_AXIOM_AUDIT {"axioms":["Classical.choice","Quot.sound","propext"],"root":"Erdos20V13Boundary.profile_zero_high_member_count","status":"pass"}
ERDOS20_AXIOM_AUDIT {"axioms":["Classical.choice","Quot.sound","propext"],"root":"Erdos20V13Boundary.zero_high_degree_add_five_neighbors","status":"pass"}
ERDOS20_AXIOM_AUDIT {"axioms":["Classical.choice","Quot.sound","propext"],"root":"Erdos20V13Boundary.zero_high_degree_eq_sub_five_neighbors","status":"pass"}
ERDOS20_AXIOM_AUDIT {"axioms":["Classical.choice","Quot.sound","propext"],"root":"Erdos20V13FiniteReduction.intersecting_mapFamily_iff","status":"pass"}
ERDOS20_AXIOM_AUDIT {"axioms":["Classical.choice","Quot.sound","propext"],"root":"Erdos20V13FiniteReduction.exists_intersecting_fin_relabel","status":"pass"}
ERDOS20_AXIOM_AUDIT {"axioms":["Classical.choice","Quot.sound","propext"],"root":"Erdos20V13FiniteReduction.intersecting_twenty_eight_support_le_eighty_five","status":"pass"}
ERDOS20_AXIOM_AUDIT {"axioms":["Classical.choice","Quot.sound","propext"],"root":"Erdos20V13FiniteReduction.finite_obstruction_of_intersecting_counterexample","status":"pass"}
ERDOS20_AXIOM_AUDIT {"axioms":["Classical.choice","Quot.sound","propext"],"root":"Erdos20V13FiniteReduction.intersecting_upper_twenty_seven_iff_no_finite_obstruction","status":"pass"}
ERDOS20_AXIOM_AUDIT {"axioms":["Classical.choice","Quot.sound","propext"],"root":"Erdos20V13FiniteReduction.intersecting_upper_twenty_seven_large_universe","status":"pass"}
ERDOS20_AXIOM_AUDIT {"axioms":["Classical.choice","Quot.sound","propext"],"root":"Erdos20V13BoundaryLiteral.conditional_boundary_fully_literal","status":"pass"}
ERDOS20_AXIOM_AUDIT {"axioms":["Classical.choice","Quot.sound","propext"],"root":"Erdos20V13BoundaryLiteral.unrestricted_eighty_three_inputs_fully_literal","status":"pass"}
